// Jest Snapshot v1, https://goo.gl/fbAQLP

exports[`MainScreen renders correctly 1`] = `
Array [
  <section
    className="movie-card"
  >
    <div
      className="movie-card__bg"
    >
      <img
        alt="Bronson"
        src="https://assets.htmlacademy.ru/intensives/javascript-3/film/background/bronson.jpg"
      />
    </div>
    <h1
      className="visually-hidden"
    >
      WTW
    </h1>
    <header
      className="page-header movie-card__head"
    >
      <div
        className="logo"
      >
        <a
          className="logo__link"
          href="/"
          onClick={[Function]}
        >
          <span
            className="logo__letter logo__letter--1"
          >
            W
          </span>
          <span
            className="logo__letter logo__letter--2"
          >
            T
          </span>
          <span
            className="logo__letter logo__letter--3"
          >
            W
          </span>
        </a>
      </div>
      <div
        className="user-block"
      >
        <div
          className="user-block__avatar"
        >
          <a
            href="/mylist"
            onClick={[Function]}
          >
            <img
              alt="User avatar"
              height="63"
              src="https://assets.htmlacademy.ru/intensives/javascript-3/avatar/1.jpg"
              width="63"
            />
          </a>
        </div>
      </div>
    </header>
    <div
      className="movie-card__wrap"
    >
      <div
        className="movie-card__info"
      >
        <div
          className="movie-card__poster"
        >
          <img
            alt="Bronson poster"
            height="327"
            src="https://assets.htmlacademy.ru/intensives/javascript-3/film/poster/bronson.jpg"
            width="218"
          />
        </div>
        <div
          className="movie-card__desc"
        >
          <h2
            className="movie-card__title"
          >
            Bronson
          </h2>
          <p
            className="movie-card__meta"
          >
            <span
              className="movie-card__genre"
            >
              Action
            </span>
            <span
              className="movie-card__year"
            >
              2008
            </span>
          </p>
          <div
            className="movie-card__buttons"
          >
            <button
              className="btn btn--play movie-card__button"
              onClick={[Function]}
              type="button"
            >
              <svg
                height="19"
                viewBox="0 0 19 19"
                width="19"
              >
                <use
                  xlinkHref="#play-s"
                />
              </svg>
              <span>
                Play
              </span>
            </button>
            <button
              className="btn btn--list movie-card__button"
              onClick={[Function]}
              type="button"
            >
              <svg
                height="20"
                viewBox="0 0 19 20"
                width="19"
              >
                <use
                  xlinkHref="#in-list"
                />
              </svg>
              <span>
                Added
              </span>
            </button>
          </div>
        </div>
      </div>
    </div>
  </section>,
  <div
    className="page-content"
  >
    <section
      className="catalog"
    >
      <h2
        className="catalog__title visually-hidden"
      >
        Catalog
      </h2>
      <ul
        className="catalog__genres-list"
      >
        <li
          className="catalog__genres-item catalog__genres-item--active"
        >
          <a
            className="catalog__genres-link"
            href="/"
            onClick={[Function]}
          >
            All genres
          </a>
        </li>
        <li
          className="catalog__genres-item "
        >
          <a
            className="catalog__genres-link"
            href="/"
            onClick={[Function]}
          >
            Action
          </a>
        </li>
        <li
          className="catalog__genres-item "
        >
          <a
            className="catalog__genres-link"
            href="/"
            onClick={[Function]}
          >
            Crime
          </a>
        </li>
        <li
          className="catalog__genres-item "
        >
          <a
            className="catalog__genres-link"
            href="/"
            onClick={[Function]}
          >
            Drama
          </a>
        </li>
        <li
          className="catalog__genres-item "
        >
          <a
            className="catalog__genres-link"
            href="/"
            onClick={[Function]}
          >
            Adventure
          </a>
        </li>
        <li
          className="catalog__genres-item "
        >
          <a
            className="catalog__genres-link"
            href="/"
            onClick={[Function]}
          >
            Comedy
          </a>
        </li>
      </ul>
      <div
        className="catalog__movies-list"
      >
        <article
          className="small-movie-card catalog__movies-card"
          onClick={[Function]}
          onMouseEnter={[Function]}
          onMouseLeave={[Function]}
        >
          <a
            className="small-movie-card__link"
            href="/films/1"
            onClick={[Function]}
          >
            <div
              className="small-movie-card__image"
            >
              <img
                alt="Bronson"
                src="https://assets.htmlacademy.ru/intensives/javascript-3/film/preview/bronson.jpg"
              />
            </div>
            <h3
              className="small-movie-card__title"
            >
              Bronson
            </h3>
          </a>
        </article>
        <article
          className="small-movie-card catalog__movies-card"
          onClick={[Function]}
          onMouseEnter={[Function]}
          onMouseLeave={[Function]}
        >
          <a
            className="small-movie-card__link"
            href="/films/2"
            onClick={[Function]}
          >
            <div
              className="small-movie-card__image"
            >
              <img
                alt="Pulp Fiction"
                src="https://assets.htmlacademy.ru/intensives/javascript-3/film/preview/pulp-fiction.jpg"
              />
            </div>
            <h3
              className="small-movie-card__title"
            >
              Pulp Fiction
            </h3>
          </a>
        </article>
        <article
          className="small-movie-card catalog__movies-card"
          onClick={[Function]}
          onMouseEnter={[Function]}
          onMouseLeave={[Function]}
        >
          <a
            className="small-movie-card__link"
            href="/films/3"
            onClick={[Function]}
          >
            <div
              className="small-movie-card__image"
            >
              <img
                alt="Midnight Special"
                src="https://assets.htmlacademy.ru/intensives/javascript-3/film/preview/midnight-special.jpg"
              />
            </div>
            <h3
              className="small-movie-card__title"
            >
              Midnight Special
            </h3>
          </a>
        </article>
        <article
          className="small-movie-card catalog__movies-card"
          onClick={[Function]}
          onMouseEnter={[Function]}
          onMouseLeave={[Function]}
        >
          <a
            className="small-movie-card__link"
            href="/films/4"
            onClick={[Function]}
          >
            <div
              className="small-movie-card__image"
            >
              <img
                alt="Matrix"
                src="https://assets.htmlacademy.ru/intensives/javascript-3/film/preview/matrix.jpg"
              />
            </div>
            <h3
              className="small-movie-card__title"
            >
              Matrix
            </h3>
          </a>
        </article>
        <article
          className="small-movie-card catalog__movies-card"
          onClick={[Function]}
          onMouseEnter={[Function]}
          onMouseLeave={[Function]}
        >
          <a
            className="small-movie-card__link"
            href="/films/5"
            onClick={[Function]}
          >
            <div
              className="small-movie-card__image"
            >
              <img
                alt="Legend"
                src="https://assets.htmlacademy.ru/intensives/javascript-3/film/preview/legend.jpg"
              />
            </div>
            <h3
              className="small-movie-card__title"
            >
              Legend
            </h3>
          </a>
        </article>
        <article
          className="small-movie-card catalog__movies-card"
          onClick={[Function]}
          onMouseEnter={[Function]}
          onMouseLeave={[Function]}
        >
          <a
            className="small-movie-card__link"
            href="/films/6"
            onClick={[Function]}
          >
            <div
              className="small-movie-card__image"
            >
              <img
                alt="Gangs of new york"
                src="https://assets.htmlacademy.ru/intensives/javascript-3/film/preview/gangs_of_new_york.jpg"
              />
            </div>
            <h3
              className="small-movie-card__title"
            >
              Gangs of new york
            </h3>
          </a>
        </article>
        <article
          className="small-movie-card catalog__movies-card"
          onClick={[Function]}
          onMouseEnter={[Function]}
          onMouseLeave={[Function]}
        >
          <a
            className="small-movie-card__link"
            href="/films/7"
            onClick={[Function]}
          >
            <div
              className="small-movie-card__image"
            >
              <img
                alt="A Star Is Born"
                src="https://assets.htmlacademy.ru/intensives/javascript-3/film/preview/A_Star_Is_Born.jpg"
              />
            </div>
            <h3
              className="small-movie-card__title"
            >
              A Star Is Born
            </h3>
          </a>
        </article>
        <article
          className="small-movie-card catalog__movies-card"
          onClick={[Function]}
          onMouseEnter={[Function]}
          onMouseLeave={[Function]}
        >
          <a
            className="small-movie-card__link"
            href="/films/8"
            onClick={[Function]}
          >
            <div
              className="small-movie-card__image"
            >
              <img
                alt="Beach"
                src="https://assets.htmlacademy.ru/intensives/javascript-3/film/preview/beach.jpg"
              />
            </div>
            <h3
              className="small-movie-card__title"
            >
              Beach
            </h3>
          </a>
        </article>
      </div>
      <div
        className="catalog__more"
      >
        <button
          className="catalog__button"
          onClick={[Function]}
          type="button"
        >
          Show more
        </button>
      </div>
    </section>
    <footer
      className="page-footer"
    >
      <div
        className="logo"
      >
        <a
          className="logo__link logo__link--light"
          href="/"
          onClick={[Function]}
        >
          <span
            className="logo__letter logo__letter--1"
          >
            W
          </span>
          <span
            className="logo__letter logo__letter--2"
          >
            T
          </span>
          <span
            className="logo__letter logo__letter--3"
          >
            W
          </span>
        </a>
      </div>
      <div
        className="copyright"
      >
        <p>
          © 2019 What to watch Ltd.
        </p>
      </div>
    </footer>
  </div>,
  <div
    className="Toastify"
  />,
]
`;
