// Jest Snapshot v1, https://goo.gl/fbAQLP

exports[`FilmCard renders when card is active 1`] = `
<article
  className="small-movie-card catalog__movies-card"
  onClick={[Function]}
  onMouseEnter={[Function]}
  onMouseLeave={[Function]}
>
  <a
    className="small-movie-card__link"
    href="/films/1"
    onClick={[Function]}
  >
    <div
      className="small-movie-card__image"
    >
      <video
        className="player__video"
        loop={true}
        muted={true}
        poster="https://assets.htmlacademy.ru/intensives/javascript-3/film/preview/bronson.jpg"
        src="https://upload.wikimedia.org/wikipedia/commons/transcoded/b/b3/Big_Buck_Bunny_Trailer_400p.ogv/Big_Buck_Bunny_Trailer_400p.ogv.360p.webm"
      />
    </div>
    <h3
      className="small-movie-card__title"
    >
      Bronson
    </h3>
  </a>
</article>
`;

exports[`FilmCard renders when card is not active 1`] = `
<article
  className="small-movie-card catalog__movies-card"
  onClick={[Function]}
  onMouseEnter={[Function]}
  onMouseLeave={[Function]}
>
  <a
    className="small-movie-card__link"
    href="/films/1"
    onClick={[Function]}
  >
    <div
      className="small-movie-card__image"
    >
      <video
        className="player__video"
        loop={true}
        muted={true}
        poster="https://assets.htmlacademy.ru/intensives/javascript-3/film/preview/bronson.jpg"
        src="https://upload.wikimedia.org/wikipedia/commons/transcoded/b/b3/Big_Buck_Bunny_Trailer_400p.ogv/Big_Buck_Bunny_Trailer_400p.ogv.360p.webm"
      />
    </div>
    <h3
      className="small-movie-card__title"
    >
      Bronson
    </h3>
  </a>
</article>
`;
