// Jest Snapshot v1, https://goo.gl/fbAQLP

exports[`Header renders correctly renders with authorization 1`] = `
<header
  className="page-header movie-card__head"
>
  <div
    className="logo"
  >
    <a
      className="logo__link"
      href="/"
      onClick={[Function]}
    >
      <span
        className="logo__letter logo__letter--1"
      >
        W
      </span>
      <span
        className="logo__letter logo__letter--2"
      >
        T
      </span>
      <span
        className="logo__letter logo__letter--3"
      >
        W
      </span>
    </a>
  </div>
  <div
    className="user-block"
  >
    <div
      className="user-block__avatar"
    >
      <a
        href="/mylist"
        onClick={[Function]}
      >
        <img
          alt="User avatar"
          height="63"
          src="https://assets.htmlacademy.ru/intensives/javascript-3/avatar/1.jpg"
          width="63"
        />
      </a>
    </div>
  </div>
</header>
`;

exports[`Header renders correctly renders without authorization 1`] = `
<header
  className="page-header movie-card__head"
>
  <div
    className="logo"
  >
    <a
      className="logo__link"
      href="/"
      onClick={[Function]}
    >
      <span
        className="logo__letter logo__letter--1"
      >
        W
      </span>
      <span
        className="logo__letter logo__letter--2"
      >
        T
      </span>
      <span
        className="logo__letter logo__letter--3"
      >
        W
      </span>
    </a>
  </div>
  <div
    className="user-block"
  >
    <div
      className="user-block__avatar"
    >
      <a
        href="/mylist"
        onClick={[Function]}
      >
        <img
          alt="User avatar"
          height="63"
          src="https://assets.htmlacademy.ru/intensives/javascript-3/avatar/1.jpg"
          width="63"
        />
      </a>
    </div>
  </div>
</header>
`;
