// Jest Snapshot v1, https://goo.gl/fbAQLP

exports[`withReview renders correctly 1`] = `null`;
