// Jest Snapshot v1, https://goo.gl/fbAQLP

exports[`MyListScreen renders correctly 1`] = `
<div
  className="user-page"
>
  <header
    className="page-header user-page__head"
  >
    <div
      className="logo"
    >
      <a
        className="logo__link"
        href="/"
        onClick={[Function]}
      >
        <span
          className="logo__letter logo__letter--1"
        >
          W
        </span>
        <span
          className="logo__letter logo__letter--2"
        >
          T
        </span>
        <span
          className="logo__letter logo__letter--3"
        >
          W
        </span>
      </a>
    </div>
    <h1
      className="page-title user-page__title"
    >
      My list
    </h1>
    <div
      className="user-block"
    >
      <div
        className="user-block__avatar"
      >
        <a
          href="/mylist"
          onClick={[Function]}
        >
          <img
            alt="User avatar"
            height="63"
            src="https://assets.htmlacademy.ru/intensives/javascript-3/avatar/1.jpg"
            width="63"
          />
        </a>
      </div>
    </div>
  </header>
  <section
    className="catalog"
  >
    <h2
      className="catalog__title visually-hidden"
    >
      Catalog
    </h2>
    <div
      className="catalog__movies-list"
    >
      <article
        className="small-movie-card catalog__movies-card"
        onClick={[Function]}
        onMouseEnter={[Function]}
        onMouseLeave={[Function]}
      >
        <a
          className="small-movie-card__link"
          href="/films/1"
          onClick={[Function]}
        >
          <div
            className="small-movie-card__image"
          >
            <img
              alt="Bronson"
              src="https://assets.htmlacademy.ru/intensives/javascript-3/film/preview/bronson.jpg"
            />
          </div>
          <h3
            className="small-movie-card__title"
          >
            Bronson
          </h3>
        </a>
      </article>
      <article
        className="small-movie-card catalog__movies-card"
        onClick={[Function]}
        onMouseEnter={[Function]}
        onMouseLeave={[Function]}
      >
        <a
          className="small-movie-card__link"
          href="/films/2"
          onClick={[Function]}
        >
          <div
            className="small-movie-card__image"
          >
            <img
              alt="Pulp Fiction"
              src="https://assets.htmlacademy.ru/intensives/javascript-3/film/preview/pulp-fiction.jpg"
            />
          </div>
          <h3
            className="small-movie-card__title"
          >
            Pulp Fiction
          </h3>
        </a>
      </article>
      <article
        className="small-movie-card catalog__movies-card"
        onClick={[Function]}
        onMouseEnter={[Function]}
        onMouseLeave={[Function]}
      >
        <a
          className="small-movie-card__link"
          href="/films/3"
          onClick={[Function]}
        >
          <div
            className="small-movie-card__image"
          >
            <img
              alt="Midnight Special"
              src="https://assets.htmlacademy.ru/intensives/javascript-3/film/preview/midnight-special.jpg"
            />
          </div>
          <h3
            className="small-movie-card__title"
          >
            Midnight Special
          </h3>
        </a>
      </article>
      <article
        className="small-movie-card catalog__movies-card"
        onClick={[Function]}
        onMouseEnter={[Function]}
        onMouseLeave={[Function]}
      >
        <a
          className="small-movie-card__link"
          href="/films/4"
          onClick={[Function]}
        >
          <div
            className="small-movie-card__image"
          >
            <img
              alt="Matrix"
              src="https://assets.htmlacademy.ru/intensives/javascript-3/film/preview/matrix.jpg"
            />
          </div>
          <h3
            className="small-movie-card__title"
          >
            Matrix
          </h3>
        </a>
      </article>
      <article
        className="small-movie-card catalog__movies-card"
        onClick={[Function]}
        onMouseEnter={[Function]}
        onMouseLeave={[Function]}
      >
        <a
          className="small-movie-card__link"
          href="/films/5"
          onClick={[Function]}
        >
          <div
            className="small-movie-card__image"
          >
            <img
              alt="Legend"
              src="https://assets.htmlacademy.ru/intensives/javascript-3/film/preview/legend.jpg"
            />
          </div>
          <h3
            className="small-movie-card__title"
          >
            Legend
          </h3>
        </a>
      </article>
      <article
        className="small-movie-card catalog__movies-card"
        onClick={[Function]}
        onMouseEnter={[Function]}
        onMouseLeave={[Function]}
      >
        <a
          className="small-movie-card__link"
          href="/films/6"
          onClick={[Function]}
        >
          <div
            className="small-movie-card__image"
          >
            <img
              alt="Gangs of new york"
              src="https://assets.htmlacademy.ru/intensives/javascript-3/film/preview/gangs_of_new_york.jpg"
            />
          </div>
          <h3
            className="small-movie-card__title"
          >
            Gangs of new york
          </h3>
        </a>
      </article>
      <article
        className="small-movie-card catalog__movies-card"
        onClick={[Function]}
        onMouseEnter={[Function]}
        onMouseLeave={[Function]}
      >
        <a
          className="small-movie-card__link"
          href="/films/7"
          onClick={[Function]}
        >
          <div
            className="small-movie-card__image"
          >
            <img
              alt="A Star Is Born"
              src="https://assets.htmlacademy.ru/intensives/javascript-3/film/preview/A_Star_Is_Born.jpg"
            />
          </div>
          <h3
            className="small-movie-card__title"
          >
            A Star Is Born
          </h3>
        </a>
      </article>
      <article
        className="small-movie-card catalog__movies-card"
        onClick={[Function]}
        onMouseEnter={[Function]}
        onMouseLeave={[Function]}
      >
        <a
          className="small-movie-card__link"
          href="/films/8"
          onClick={[Function]}
        >
          <div
            className="small-movie-card__image"
          >
            <img
              alt="Beach"
              src="https://assets.htmlacademy.ru/intensives/javascript-3/film/preview/beach.jpg"
            />
          </div>
          <h3
            className="small-movie-card__title"
          >
            Beach
          </h3>
        </a>
      </article>
      <article
        className="small-movie-card catalog__movies-card"
        onClick={[Function]}
        onMouseEnter={[Function]}
        onMouseLeave={[Function]}
      >
        <a
          className="small-movie-card__link"
          href="/films/9"
          onClick={[Function]}
        >
          <div
            className="small-movie-card__image"
          >
            <img
              alt="Aviator"
              src="https://assets.htmlacademy.ru/intensives/javascript-3/film/preview/aviator.jpg"
            />
          </div>
          <h3
            className="small-movie-card__title"
          >
            Aviator
          </h3>
        </a>
      </article>
      <article
        className="small-movie-card catalog__movies-card"
        onClick={[Function]}
        onMouseEnter={[Function]}
        onMouseLeave={[Function]}
      >
        <a
          className="small-movie-card__link"
          href="/films/10"
          onClick={[Function]}
        >
          <div
            className="small-movie-card__image"
          >
            <img
              alt="Johnny English"
              src="https://assets.htmlacademy.ru/intensives/javascript-3/film/preview/johnny-english.jpg"
            />
          </div>
          <h3
            className="small-movie-card__title"
          >
            Johnny English
          </h3>
        </a>
      </article>
      <article
        className="small-movie-card catalog__movies-card"
        onClick={[Function]}
        onMouseEnter={[Function]}
        onMouseLeave={[Function]}
      >
        <a
          className="small-movie-card__link"
          href="/films/11"
          onClick={[Function]}
        >
          <div
            className="small-movie-card__image"
          >
            <img
              alt="Dardjeeling Limited"
              src="https://assets.htmlacademy.ru/intensives/javascript-3/film/preview/dardjeeling_limited.jpg"
            />
          </div>
          <h3
            className="small-movie-card__title"
          >
            Dardjeeling Limited
          </h3>
        </a>
      </article>
    </div>
  </section>
  <footer
    className="page-footer"
  >
    <div
      className="logo"
    >
      <a
        className="logo__link logo__link--light"
        href="/"
        onClick={[Function]}
      >
        <span
          className="logo__letter logo__letter--1"
        >
          W
        </span>
        <span
          className="logo__letter logo__letter--2"
        >
          T
        </span>
        <span
          className="logo__letter logo__letter--3"
        >
          W
        </span>
      </a>
    </div>
    <div
      className="copyright"
    >
      <p>
        Â© 2019 What to watch Ltd.
      </p>
    </div>
  </footer>
  <div
    className="Toastify"
  />
</div>
`;
