// Jest Snapshot v1, https://goo.gl/fbAQLP

exports[`GenreList renders correctly 1`] = `
Array [
  <ul
    className="catalog__genres-list"
  >
    <li
      className="catalog__genres-item catalog__genres-item--active"
    >
      <a
        className="catalog__genres-link"
        href="/"
        onClick={[Function]}
      >
        Action
      </a>
    </li>
    <li
      className="catalog__genres-item "
    >
      <a
        className="catalog__genres-link"
        href="/"
        onClick={[Function]}
      >
        Drama
      </a>
    </li>
    <li
      className="catalog__genres-item "
    >
      <a
        className="catalog__genres-link"
        href="/"
        onClick={[Function]}
      >
        Comedy
      </a>
    </li>
    <li
      className="catalog__genres-item "
    >
      <a
        className="catalog__genres-link"
        href="/"
        onClick={[Function]}
      >
        Thriller
      </a>
    </li>
    <li
      className="catalog__genres-item "
    >
      <a
        className="catalog__genres-link"
        href="/"
        onClick={[Function]}
      >
        Horror
      </a>
    </li>
  </ul>,
  ",",
]
`;
