// Jest Snapshot v1, https://goo.gl/fbAQLP

exports[`Avatar renders correctly 1`] = `
<div
  className="user-block"
>
  <div
    className="user-block__avatar"
  >
    <a
      href="/mylist"
      onClick={[Function]}
    >
      <img
        alt="User avatar"
        height="63"
        src="https://assets.htmlacademy.ru/intensives/javascript-3/avatar/1.jpg"
        width="63"
      />
    </a>
  </div>
</div>
`;
