// Jest Snapshot v1, https://goo.gl/fbAQLP

exports[`AddReviewScreen renders correctly 1`] = `
Array [
  <section
    className="movie-card movie-card--full"
    style={
      Object {
        "backgroundColor": "#73B39A",
      }
    }
  >
    <div
      className="movie-card__header"
    >
      <div
        className="movie-card__bg"
      >
        <img
          alt="Bronson"
          src="https://assets.htmlacademy.ru/intensives/javascript-3/film/background/bronson.jpg"
        />
      </div>
      <h1
        className="visually-hidden"
      >
        WTW
      </h1>
      <header
        className="page-header"
      >
        <div
          className="logo"
        >
          <a
            className="logo__link"
            href="/"
            onClick={[Function]}
          >
            <span
              className="logo__letter logo__letter--1"
            >
              W
            </span>
            <span
              className="logo__letter logo__letter--2"
            >
              T
            </span>
            <span
              className="logo__letter logo__letter--3"
            >
              W
            </span>
          </a>
        </div>
        <nav
          className="breadcrumbs"
        >
          <ul
            className="breadcrumbs__list"
          >
            <li
              className="breadcrumbs__item"
            >
              <a
                className="breadcrumbs__link"
                href="/films/1"
                onClick={[Function]}
              >
                Bronson
              </a>
            </li>
            <li
              className="breadcrumbs__item"
            >
              <a
                className="breadcrumbs__link"
                href="/films/1/review"
                onClick={[Function]}
              >
                Add review
              </a>
            </li>
          </ul>
        </nav>
        <div
          className="user-block"
        >
          <div
            className="user-block__avatar"
          >
            <a
              href="/mylist"
              onClick={[Function]}
            >
              <img
                alt="User avatar"
                height="63"
                src="https://assets.htmlacademy.ru/intensives/javascript-3/avatar/1.jpg"
                width="63"
              />
            </a>
          </div>
        </div>
      </header>
      <div
        className="movie-card__poster movie-card__poster--small"
      >
        <img
          alt="Bronson"
          height="327"
          src="https://assets.htmlacademy.ru/intensives/javascript-3/film/poster/bronson.jpg"
          width="218"
        />
      </div>
    </div>
    <div
      className="add-review"
    >
      <form
        action="#"
        className="add-review__form"
        onSubmit={[Function]}
      >
        <div
          className="rating"
        >
          <div
            className="rating__stars"
          >
            <input
              checked={false}
              className="rating__input"
              disabled={false}
              id="star-1"
              name="rating"
              onChange={[Function]}
              type="radio"
              value="1"
            />
            <label
              className="rating__label"
              htmlFor="star-1"
            >
              Rating 1 stars
            </label>
            <input
              checked={false}
              className="rating__input"
              disabled={false}
              id="star-2"
              name="rating"
              onChange={[Function]}
              type="radio"
              value="2"
            />
            <label
              className="rating__label"
              htmlFor="star-2"
            >
              Rating 2 stars
            </label>
            <input
              checked={false}
              className="rating__input"
              disabled={false}
              id="star-3"
              name="rating"
              onChange={[Function]}
              type="radio"
              value="3"
            />
            <label
              className="rating__label"
              htmlFor="star-3"
            >
              Rating 3 stars
            </label>
            <input
              checked={false}
              className="rating__input"
              disabled={false}
              id="star-4"
              name="rating"
              onChange={[Function]}
              type="radio"
              value="4"
            />
            <label
              className="rating__label"
              htmlFor="star-4"
            >
              Rating 4 stars
            </label>
            <input
              checked={false}
              className="rating__input"
              disabled={false}
              id="star-5"
              name="rating"
              onChange={[Function]}
              type="radio"
              value="5"
            />
            <label
              className="rating__label"
              htmlFor="star-5"
            >
              Rating 5 stars
            </label>
          </div>
        </div>
        <div
          className="add-review__text"
          style={
            Object {
              "backgroundColor": "rgba(255,255,255, 0.3)",
            }
          }
        >
          <textarea
            className="add-review__textarea"
            disabled={false}
            id="review-text"
            name="review-text"
            onChange={[Function]}
            placeholder="Please write in the range from 50 to 400 characters"
            value=""
          />
          <div
            className="add-review__submit"
          >
            <button
              className="add-review__btn"
              disabled={true}
              type="submit"
            >
              Post
            </button>
          </div>
        </div>
      </form>
    </div>
    <div
      className="Toastify"
    />
  </section>,
  ",",
]
`;
