// Jest Snapshot v1, https://goo.gl/fbAQLP

exports[`TabBar renders correctly 1`] = `
Array [
  <nav
    className="movie-nav movie-card__nav"
  >
    <ul
      className="movie-nav__list"
    >
      <li
        className="movie-nav__item movie-nav__item--active"
      >
        <a
          className="movie-nav__link"
          href="/"
          onClick={[Function]}
        >
          Overview
        </a>
      </li>
      <li
        className="movie-nav__item false"
      >
        <a
          className="movie-nav__link"
          href="/"
          onClick={[Function]}
        >
          Details
        </a>
      </li>
      <li
        className="movie-nav__item false"
      >
        <a
          className="movie-nav__link"
          href="/"
          onClick={[Function]}
        >
          Reviews
        </a>
      </li>
    </ul>
  </nav>,
  <div>
    <div
      className="movie-rating"
    >
      <div
        className="movie-rating__score"
      >
        3.6
      </div>
      <p
        className="movie-rating__meta"
      >
        <span
          className="movie-rating__level"
        >
          Normal
        </span>
        <span
          className="movie-rating__count"
        >
          1635992
           ratings
        </span>
      </p>
    </div>
    <div
      className="movie-card__text"
    >
      <p>
        A young man who was sentenced to seven years in prison for robbing a post office ends up spending three decades in solitary confinement. During this time, his own personality is supplanted by his alter-ego, Charles Bronson.
      </p>
      <p
        className="movie-card__director"
      >
        <strong>
          Director: 
          Nicolas Winding Refn
        </strong>
      </p>
      <p
        className="movie-card__starring"
      >
        <strong>
          Starring: 
          Tom Hardy, Kelly Adams, Luing Andrews
           and others
        </strong>
      </p>
    </div>
  </div>,
]
`;
