// Jest Snapshot v1, https://goo.gl/fbAQLP

exports[`ErrorPopup renders correctly 1`] = `
<div
  className="Toastify"
/>
`;
